Nothing to build in platform 'DMA'

00:34:23 **** Incremental Build of configuration Debug for project xaxidma_example_sg_poll_1 ****
make all 
make --no-print-directory pre-build
a9-linaro-pre-build-step
' '
make --no-print-directory main-build
'Building file: ../src/Process.c'
'Invoking: ARM v7 gcc compiler'
arm-none-eabi-gcc -Wall -O0 -g3 -c -fmessage-length=0 -MT"src/Process.o" -mcpu=cortex-a9 -mfpu=vfpv3 -mfloat-abi=hard -IC:/Users/user/Desktop/FPGA_DMA2/FPGA_AI_v2/ws/DMA/export/DMA/sw/DMA/standalone_domain/bspinclude/include -MMD -MP -MF"src/Process.d" -MT"src/Process.o" -o "src/Process.o" "../src/Process.c"
In file included from ../src/Process.c:1:
C:/Users/user/Desktop/FPGA_DMA2/FPGA_AI_v2/ws/DMA/export/DMA/sw/DMA/standalone_domain/bspinclude/include/xbasic_types.h:102:2: warning: #warning The xbasics_type.h file is deprecated and users should use xil_types.h and xil_assert. [-Wcpp]
  102 | #warning  The xbasics_type.h file is deprecated and users should use xil_types.h and xil_assert.
      |  ^~~~~~~
C:/Users/user/Desktop/FPGA_DMA2/FPGA_AI_v2/ws/DMA/export/DMA/sw/DMA/standalone_domain/bspinclude/include/xbasic_types.h:103:2: warning: #warning Please refer the Standalone BSP UG647 for further details [-Wcpp]
  103 | #warning  Please refer the Standalone BSP UG647 for further details
      |  ^~~~~~~
'Finished building: ../src/Process.c'
' '
'Building file: ../src/xaxidma_example_sg_poll.c'
'Invoking: ARM v7 gcc compiler'
arm-none-eabi-gcc -Wall -O0 -g3 -c -fmessage-length=0 -MT"src/xaxidma_example_sg_poll.o" -mcpu=cortex-a9 -mfpu=vfpv3 -mfloat-abi=hard -IC:/Users/user/Desktop/FPGA_DMA2/FPGA_AI_v2/ws/DMA/export/DMA/sw/DMA/standalone_domain/bspinclude/include -MMD -MP -MF"src/xaxidma_example_sg_poll.d" -MT"src/xaxidma_example_sg_poll.o" -o "src/xaxidma_example_sg_poll.o" "../src/xaxidma_example_sg_poll.c"
In file included from ../src/Process.h:1,
                 from ../src/xaxidma_example_sg_poll.c:62:
C:/Users/user/Desktop/FPGA_DMA2/FPGA_AI_v2/ws/DMA/export/DMA/sw/DMA/standalone_domain/bspinclude/include/xbasic_types.h:102:2: warning: #warning The xbasics_type.h file is deprecated and users should use xil_types.h and xil_assert. [-Wcpp]
  102 | #warning  The xbasics_type.h file is deprecated and users should use xil_types.h and xil_assert.
      |  ^~~~~~~
C:/Users/user/Desktop/FPGA_DMA2/FPGA_AI_v2/ws/DMA/export/DMA/sw/DMA/standalone_domain/bspinclude/include/xbasic_types.h:103:2: warning: #warning Please refer the Standalone BSP UG647 for further details [-Wcpp]
  103 | #warning  Please refer the Standalone BSP UG647 for further details
      |  ^~~~~~~
../src/xaxidma_example_sg_poll.c:95:2: warning: #warning CHECK FOR THE VALID DDR ADDRESS IN XPARAMETERS.H, DEFAULT SET TO 0x01000000 [-Wcpp]
   95 | #warning CHECK FOR THE VALID DDR ADDRESS IN XPARAMETERS.H, \
      |  ^~~~~~~
../src/xaxidma_example_sg_poll.c: In function 'SendPacket':
../src/xaxidma_example_sg_poll.c:512:29: warning: unused variable 'BdCurPtr' [-Wunused-variable]
  512 |         XAxiDma_Bd *BdPtr, *BdCurPtr;
      |                             ^~~~~~~~
'Finished building: ../src/xaxidma_example_sg_poll.c'
' '
'Building target: xaxidma_example_sg_poll_1.elf'
'Invoking: ARM v7 gcc linker'
arm-none-eabi-gcc -mcpu=cortex-a9 -mfpu=vfpv3 -mfloat-abi=hard -Wl,-build-id=none -specs=Xilinx.spec -Wl,-T -Wl,../src/lscript.ld -LC:/Users/user/Desktop/FPGA_DMA2/FPGA_AI_v2/ws/DMA/export/DMA/sw/DMA/standalone_domain/bsplib/lib -o "xaxidma_example_sg_poll_1.elf"  ./src/Process.o ./src/xaxidma_example_sg_poll.o   -Wl,--start-group,-lxil,-lgcc,-lc,--end-group
'Finished building target: xaxidma_example_sg_poll_1.elf'
' '
'Invoking: ARM v7 Print Size'
arm-none-eabi-size xaxidma_example_sg_poll_1.elf  |tee "xaxidma_example_sg_poll_1.elf.size"
   text	   data	    bss	    dec	    hex	filename
  36937	   2184	2114120	2153241	 20db19	xaxidma_example_sg_poll_1.elf
'Finished building: xaxidma_example_sg_poll_1.elf.size'
' '
00:34:24 **** Incremental Build of configuration Debug for project xaxidma_example_sg_poll_1_system ****
make all 
Generating bif file for the system project
generate_system_bif.bat 54554 C:/Users/user/Desktop/FPGA_DMA2/FPGA_AI_v2/ws/DMA/export/DMA/DMA.xpfm standalone_domain C:/Users/user/Desktop/FPGA_DMA2/FPGA_AI_v2/ws/xaxidma_example_sg_poll_1_system/Debug/system.bif
sdcard_gen --xpfm C:/Users/user/Desktop/FPGA_DMA2/FPGA_AI_v2/ws/DMA/export/DMA/DMA.xpfm --sys_config DMA --bif C:/Users/user/Desktop/FPGA_DMA2/FPGA_AI_v2/ws/xaxidma_example_sg_poll_1_system/Debug/system.bif --bitstream C:/Users/user/Desktop/FPGA_DMA2/FPGA_AI_v2/ws/xaxidma_example_sg_poll_1/_ide/bitstream/design_1_wrapper.bit --elf C:/Users/user/Desktop/FPGA_DMA2/FPGA_AI_v2/ws/xaxidma_example_sg_poll_1/Debug/xaxidma_example_sg_poll_1.elf,ps7_cortexa9_0
creating BOOT.BIN using C:/Users/user/Desktop/FPGA_DMA2/FPGA_AI_v2/ws/xaxidma_example_sg_poll_1/_ide/bitstream/design_1_wrapper.bit
Running E:/InstalledProgram/Vivado/Vitis/2022.2/bin/bootgen  -image C:/Users/user/Desktop/FPGA_DMA2/FPGA_AI_v2/ws/xaxidma_example_sg_poll_1_system/Debug/sd_card_temp/boot.bif -w -o i BOOT.BIN
